============================================================
python : Traceback (most recent call last):
Au caractère Ligne:1 : 1
+ python test_xeno_mcp.py 2>&1 | Tee-Object -FilePath test_output.log;  ...
+ ~~~~~~~~~~~~~~~~~~~~~~~~~~~~
    + CategoryInfo          : NotSpecified: (Traceback (most recent call last)::String) [], RemoteException
    + FullyQualifiedErrorId : NativeCommandError
 
  File "C:\Users\Zenith__\Documents\windsurf\xeno-re\test_xeno_mcp.py", line 217, in <module>
    main()
  File "C:\Users\Zenith__\Documents\windsurf\xeno-re\test_xeno_mcp.py", line 138, in main
    print("\U0001f9ea TEST XENO BRIDGE - INJECTION ET HELLO WORLD")
  File "C:\Users\Zenith__\AppData\Local\Programs\Python\Python312\Lib\encodings\cp1252.py", line 19, in encode
    return codecs.charmap_encode(input,self.errors,encoding_table)[0]
           ^^^^^^^^^^^^^^^^^^^^^^^^^^^^^^^^^^^^^^^^^^^^^^^^^^^^^^^
UnicodeEncodeError: 'charmap' codec can't encode character '\U0001f9ea' in position 0: character maps to <undefined>
